
[1m[46m RUN [49m[22m [36mv4.0.18 [39m[90mC:/Users/sidha/OneDrive/Desktop/Software_Engineering_Project/CollabCanvas/frontend[39m

 [31mΓ¥»[39m src/__tests__/pages/Dashboard.test.tsx [2m([22m[2m8 tests[22m[2m | [22m[31m1 failed[39m[2m)[22m[33m 1427[2mms[22m[39m
     [32mΓ£ô[39m renders dashboard header and welcome user[32m 68[2mms[22m[39m
     [32mΓ£ô[39m shows loading spinner while fetching rooms[32m 21[2mms[22m[39m
     [32mΓ£ô[39m loads and displays my rooms[32m 38[2mms[22m[39m
     [32mΓ£ô[39m filters rooms by search query[32m 53[2mms[22m[39m
[31m     [31m├ù[31m switches to Public Rooms tab and loads public rooms[39m[33m 1103[2mms[22m[39m
     [32mΓ£ô[39m opens Join Room modal when Join button clicked[32m 40[2mms[22m[39m
     [32mΓ£ô[39m opens Create Room modal when New Room clicked[32m 32[2mms[22m[39m
     [32mΓ£ô[39m changes sort option triggers getPublicRooms call[32m 70[2mms[22m[39m
node.exe : 
At line:1 char:1
+ & "C:\Program Files
\nodejs/node.exe" "C:
\Users\sidha\AppData\
Roaming\ ...
+ ~~~~~~~~~~~~~~~~~~~
~~~~~~~~~~~~~~~~~~~~~
~~~~~~~~~~~~~~~~~~~~~
~~~~~~~~
    + CategoryInfo   
           : NotSpe  
  cified: (:String   
 ) [], RemoteExce    
ption
    + FullyQualified 
   ErrorId : Native  
  CommandError
 
[31mΓÄ»ΓÄ»ΓÄ»ΓÄ»ΓÄ»Γ
Ä»ΓÄ»[39m[1m[41m 
Failed Tests 1 [49m
[22m[31mΓÄ»ΓÄ»ΓÄ»ΓÄ»
ΓÄ»ΓÄ»ΓÄ»[39m

[41m[1m FAIL 
[22m[49m src/__test
s__/pages/Dashboard.t
est.tsx[2m > 
[22mDashboard 
Component[2m > 
[22mswitches to 
Public Rooms tab and 
loads public rooms
[31m[1mTestingLibra
ryElementError[22m[
39m: Found multiple 
elements with the 
text: Public Room

Here are the 
matching elements:

Ignored nodes: 
comments, script, 
style
[36m<div[39m
  [33mdata-testid[3
9m=[32m"room-card"[
39m
[36m>[39m
  [0mPublic Room[0m
[36m</div>[39m

Ignored nodes: 
comments, script, 
style
[36m<h3[39m
  [33mclass[39m=[3
2m"font-bold 
text-slate-900 
dark:text-white 
mb-2"[39m
[36m>[39m
  [0mPublic Room[0m
[36m</h3>[39m

(If this is 
intentional, then 
use the `*AllBy*` 
variant of the query 
(like 
`queryAllByText`, 
`getAllByText`, or 
`findAllByText`)).

Ignored nodes: 
comments, script, 
style
[36m<body>[39m
  [36m<div>[39m
    [36m<div[39m
      [33mclass[39m
=[32m"flex 
min-h-screen 
bg-slate-50 dark:bg-s
late-900"[39m
    [36m>[39m
      [36m<div[39m
        [33mdata-tes
tid[39m=[32m"sideba
r"[39m
      [36m>[39m
        
[0mSidebar[0m
      
[36m</div>[39m
      [36m<main[39m
        [33mclass[3
9m=[32m"flex-1 p-6 
lg:p-8"[39m
      [36m>[39m
        
[36m<header[39m
          [33mclass
[39m=[32m"mb-8"[39m
        [36m>[39m
          
[36m<div[39m
            [33mclas
s[39m=[32m"flex 
flex-col md:flex-row 
md:items-center 
justify-between 
gap-4 mb-6"[39m
          [36m>[39m
            
[36m<div>[39m
              
[36m<h1[39m
                [33m
class[39m=[32m"text
-2xl lg:text-3xl 
font-bold 
text-slate-900 
dark:text-white"[39m
              
[36m>[39m
                
[0mCollaborative 
Canvas Workspace[0m
              
[36m</h1>[39m
              
[36m<p[39m
                [33m
class[39m=[32m"text
-slate-500 
dark:text-slate-400 
mt-1"[39m
              
[36m>[39m
                
[0mWelcome back, 
[0m
                
[36m<span[39m
                  [3
3mclass[39m=[32m"fo
nt-semibold 
text-blue-600 dark:te
xt-blue-400"[39m
                
[36m>[39m
                  
[0mSidharth[0m
                
[36m</span>[39m
              
[36m</p>[39m
            
[36m</div>[39m
            
[36m<div[39m
              [33mcl
ass[39m=[32m"flex 
flex-wrap gap-3"[39m
            
[36m>[39m
              
[36m<button[39m
                [33m
aria-disabled[39m=[
32m"false"[39m
                [33m
aria-label[39m=[32m
"Join existing 
room"[39m
                [33m
class[39m=[32m"px-4
 py-2 rounded-lg 
font-medium 
transition-all 
duration-200 flex 
items-center 
justify-center 
disabled:opacity-50 d
isabled:cursor-not-al
lowed 
focus:outline-none 
focus:ring-2 
focus:ring-blue-500 
focus:ring-offset-2 
border-2 
border-slate-200 
text-slate-600 
hover:bg-slate-50 hov
er:border-slate-300 
active:bg-slate-100 
gap-2"[39m
              
[36m>[39m
                
[36m<svg[39m
                  [3
3maria-hidden[39m=[
32m"true"[39m
                  [3
3mclass[39m=[32m"lu
cide 
lucide-hash"[39m
                  [3
3mfill[39m=[32m"non
e"[39m
                  [3
3mheight[39m=[32m"1
8"[39m
                  [3
3mstroke[39m=[32m"c
urrentColor"[39m
                  [3
3mstroke-linecap[39m
=[32m"round"[39m
                  [3
3mstroke-linejoin[39
m=[32m"round"[39m
                  [3
3mstroke-width[39m=
[32m"2"[39m
                  [3
3mviewBox[39m=[32m"
0 0 24 24"[39m
                  [3
3mwidth[39m=[32m"18
"[39m
                  [3
3mxmlns[39m=[32m"ht
tp://www.w3.org/2000/
svg"[39m
                
[36m>[39m
                  
[36m<line[39m
                    
[33mx1[39m=[32m"4"
[39m
                    
[33mx2[39m=[32m"20"
[39m
                    
[33my1[39m=[32m"9"
[39m
                    
[33my2[39m=[32m"9"
[39m
                  
[36m/>[39m
                  
[36m<line[39m
                    
[33mx1[39m=[32m"4"
[39m
                    
[33mx2[39m=[32m"20"
[39m
                    
[33my1[39m=[32m"15"
[39m
                    
[33my2[39m=[32m"15"
[39m
                  
[36m/>[39m
                  
[36m<line[39m
                    
[33mx1[39m=[32m"10"
[39m
                    
[33mx2[39m=[32m"8"
[39m
                    
[33my1[39m=[32m"3"
[39m
                    
[33my2[39m=[32m"21"
[39m
                  
[36m/>[39m
                  
[36m<line[39m
                    
[33mx1[39m=[32m"16"
[39m
                    
[33mx2[39m=[32m"14"
[39m
                    
[33my1[39m=[32m"3"
[39m
                    
[33my2[39m=[32m"21"
[39m
                  
[36m/>[39m
                
[36m</svg>[39m
                
[36m<span[39m
                  [3
3mclass[39m=[32m"hi
dden sm:inline"[39m
                
[36m>[39m
                  
[0mJoin Room[0m
                
[36m</span>[39m
              
[36m</button>[39m
              
[36m<button[39m
                [33m
aria-disabled[39m=[
32m"false"[39m
                [33m
aria-label[39m=[32m
"Create new 
room"[39m
                [33m
class[39m=[32m"px-4
 py-2 rounded-lg 
font-medium 
transition-all 
duration-200 flex 
items-center 
justify-center 
disabled:opacity-50 d
isabled:cursor-not-al
lowed 
focus:outline-none 
focus:ring-2 
focus:ring-blue-500 
focus:ring-offset-2 
bg-blue-600 
text-white 
hover:bg-blue-700 
shadow-md 
hover:shadow-lg 
active:bg-blue-800 
gap-2"[39m
              
[36m>[39m
                
[36m<svg[39m
                  [3
3maria-hidden[39m=[
32m"true"[39m
                  [3
3mclass[39m=[32m"lu
cide 
lucide-plus"[39m
                  [3
3mfill[39m=[32m"non
e"[39m
                  [3
3mheight[39m=[32m"2
0"[39m
                  [3
3mstroke[39m=[32m"c
urrentColor"[39m
                  [3
3mstroke-linecap[39m
=[32m"round"[39m
                  [3
3mstroke-linejoin[39
m=[32m"round"[39m
                  [3
3mstroke-width[39m=
[32m"2"[39m
                  [3
3mviewBox[39m=[32m"
0 0 24 24"[39m
                  [3
3mwidth[39m=[32m"20
"[39m
                  [3
3mxmlns[39m=[32m"ht
tp://www.w3.org/2000/
svg"[39m
                
[36m>[39m
                  
[36m<path[39m
                    
[33md[39m=[32m"M5 
12h14"[39m
                  
[36m/>[39m
                  
[36m<path[39m
                    
[33md[39m=[32m"M12 
5v14"[39m
                  
[36m/>[39m
                
[36m</svg>[39m
                
[0mNew Room[0m
              
[36m</button>[39m
            
[36m</div>[39m
          
[36m</div>[39m
          
[36m<div[39m
            [33mclas
s[39m=[32m"grid 
grid-cols-1 
sm:grid-cols-3 gap-4 
mb-6"[39m
          [36m>[39m
            
[36m<div[39m
              [33mcl
ass[39m=[32m"bg-whi
te dark:bg-slate-800 
p-4 rounded-xl 
border 
border-slate-200 dark
:border-slate-700"[3
9m
            
[36m>[39m
              
[36m<div[39m
                [33m
class[39m=[32m"flex
 items-center 
justify-between"[39m
              
[36m>[39m
                
[36m<div>[39m
                  
[36m<p[39m
                    
[33mclass[39m=[32m"
text-sm 
text-slate-500 dark:t
ext-slate-400"[39m
                  
[36m>[39m
                    
[0mActive Rooms[0m
                  
[36m</p>[39m
                  
[36m<p[39m
                    
[33mclass[39m=[32m"
text-2xl font-bold 
text-slate-900 
dark:text-white"[39m
                  
[36m>[39m
                    
[0m0[0m
                  
[36m</p>[39m
                
[36m</div>[39m
                
[36m<div[39m
                  [3
3mclass[39m=[32m"p-
2 bg-blue-100 
dark:bg-blue-900/30 
rounded-lg"[39m
                
[36m>[39m
                  
[36m<svg[39m
                    
[33maria-hidden[39m=
[32m"true"[39m
                    
[33mclass[39m=[32m"
lucide 
lucide-grid3x3 
lucide-grid-3x3 w-5 
h-5 text-blue-600 dar
k:text-blue-400"[39m
                    
[33mfill[39m=[32m"n
one"[39...

Ignored nodes: 
comments, script, 
style
[36m<html>[39m
  [36m<head />[39m
  [36m<body>[39m
    [36m<div>[39m
      [36m<div[39m
        [33mclass[3
9m=[32m"flex 
min-h-screen 
bg-slate-50 dark:bg-s
late-900"[39m
      [36m>[39m
        
[36m<div[39m
          [33mdata-t
estid[39m=[32m"side
bar"[39m
        [36m>[39m
          
[0mSidebar[0m
        
[36m</div>[39m
        
[36m<main[39m
          [33mclass
[39m=[32m"flex-1 
p-6 lg:p-8"[39m
        [36m>[39m
          
[36m<header[39m
            [33mclas
s[39m=[32m"mb-8"[3
9m
          [36m>[39m
            
[36m<div[39m
              [33mcl
ass[39m=[32m"flex 
flex-col md:flex-row 
md:items-center 
justify-between 
gap-4 mb-6"[39m
            
[36m>[39m
              
[36m<div>[39m
                
[36m<h1[39m
                  [3
3mclass[39m=[32m"te
xt-2xl lg:text-3xl 
font-bold 
text-slate-900 
dark:text-white"[39m
                
[36m>[39m
                  
[0mCollaborative 
Canvas Workspace[0m
                
[36m</h1>[39m
                
[36m<p[39m
                  [3
3mclass[39m=[32m"te
xt-slate-500 
dark:text-slate-400 
mt-1"[39m
                
[36m>[39m
                  
[0mWelcome back, 
[0m
                  
[36m<span[39m
                    
[33mclass[39m=[32m"
font-semibold 
text-blue-600 dark:te
xt-blue-400"[39m
                  
[36m>[39m
                    
[0mSidharth[0m
                  
[36m</span>[39m
                
[36m</p>[39m
              
[36m</div>[39m
              
[36m<div[39m
                [33m
class[39m=[32m"flex
 flex-wrap 
gap-3"[39m
              
[36m>[39m
                
[36m<button[39m
                  [3
3maria-disabled[39m=
[32m"false"[39m
                  [3
3maria-label[39m=[3
2m"Join existing 
room"[39m
                  [3
3mclass[39m=[32m"px
-4 py-2 rounded-lg 
font-medium 
transition-all 
duration-200 flex 
items-center 
justify-center 
disabled:opacity-50 d
isabled:cursor-not-al
lowed 
focus:outline-none 
focus:ring-2 
focus:ring-blue-500 
focus:ring-offset-2 
border-2 
border-slate-200 
text-slate-600 
hover:bg-slate-50 hov
er:border-slate-300 
active:bg-slate-100 
gap-2"[39m
                
[36m>[39m
                  
[36m<svg[39m
                    
[33maria-hidden[39m=
[32m"true"[39m
                    
[33mclass[39m=[32m"
lucide 
lucide-hash"[39m
                    
[33mfill[39m=[32m"n
one"[39m
                    
[33mheight[39m=[32m
"18"[39m
                    
[33mstroke[39m=[32m
"currentColor"[39m
                    
[33mstroke-linecap[3
9m=[32m"round"[39m
                    
[33mstroke-linejoin[
39m=[32m"round"[39m
                    
[33mstroke-width[39m
=[32m"2"[39m
                    
[33mviewBox[39m=[32
m"0 0 24 24"[39m
                    
[33mwidth[39m=[32m"
18"[39m
                    
[33mxmlns[39m=[32m"
http://www.w3.org/200
0/svg"[39m
                  
[36m>[39m
                    
[36m<line[39m
                     
 [33mx1[39m=[32m"4
"[39m
                     
 [33mx2[39m=[32m"2
0"[39m
                     
 [33my1[39m=[32m"9
"[39m
                     
 [33my2[39m=[32m"9
"[39m
                    
[36m/>[39m
                    
[36m<line[39m
                     
 [33mx1[39m=[32m"4
"[39m
                     
 [33mx2[39m=[32m"2
0"[39m
                     
 [33my1[39m=[32m"1
5"[39m
                     
 [33my2[39m=[32m"1
5"[39m
                    
[36m/>[39m
                    
[36m<line[39m
                     
 [33mx1[39m=[32m"1
0"[39m
                     
 [33mx2[39m=[32m"8
"[39m
                     
 [33my1[39m=[32m"3
"[39m
                     
 [33my2[39m=[32m"2
1"[39m
                    
[36m/>[39m
                    
[36m<line[39m
                     
 [33mx1[39m=[32m"1
6"[39m
                     
 [33mx2[39m=[32m"1
4"[39m
                     
 [33my1[39m=[32m"3
"[39m
                     
 [33my2[39m=[32m"2
1"[39m
                    
[36m/>[39m
                  
[36m</svg>[39m
                  
[36m<span[39m
                    
[33mclass[39m=[32m"
hidden 
sm:inline"[39m
                  
[36m>[39m
                    
[0mJoin Room[0m
                  
[36m</span>[39m
                
[36m</button>[39m
                
[36m<button[39m
                  [3
3maria-disabled[39m=
[32m"false"[39m
                  [3
3maria-label[39m=[3
2m"Create new 
room"[39m
                  [3
3mclass[39m=[32m"px
-4 py-2 rounded-lg 
font-medium 
transition-all 
duration-200 flex 
items-center 
justify-center 
disabled:opacity-50 d
isabled:cursor-not-al
lowed 
focus:outline-none 
focus:ring-2 
focus:ring-blue-500 
focus:ring-offset-2 
bg-blue-600 
text-white 
hover:bg-blue-700 
shadow-md 
hover:shadow-lg 
active:bg-blue-800 
gap-2"[39m
                
[36m>[39m
                  
[36m<svg[39m
                    
[33maria-hidden[39m=
[32m"true"[39m
                    
[33mclass[39m=[32m"
lucide 
lucide-plus"[39m
                    
[33mfill[39m=[32m"n
one"[39m
                    
[33mheight[39m=[32m
"20"[39m
                    
[33mstroke[39m=[32m
"currentColor"[39m
                    
[33mstroke-linecap[3
9m=[32m"round"[39m
                    
[33mstroke-linejoin[
39m=[32m"round"[39m
                    
[33mstroke-width[39m
=[32m"2"[39m
                    
[33mviewBox[39m=[32
m"0 0 24 24"[39m
                    
[33mwidth[39m=[32m"
20"[39m
                    
[33mxmlns[39m=[32m"
http://www.w3.org/200
0/svg"[39m

                  
[36m>[39m
                    
[36m<path[39m
                     
 
[33md[39m=[32m"M5 
12h14"[39m
                    
[36m/>[39m
                    
[36m<path[39m
                     
 [33md[39m=[32m"M1
2 5v14"[39m
                    
[36m/>[39m
                  
[36m</svg>[39m
                  
[0mNew Room[0m
                
[36m</button>[39m
              
[36m</div>[39m
            
[36m</div>[39m
            
[36m<div[39m
              [33mcl
ass[39m=[32m"grid 
grid-cols-1 
sm:grid-cols-3 gap-4 
mb-6"[39m
            
[36m>[39m
              
[36m<div[39m
                [33m
class[39m=[32m"bg-w
hite 
dark:bg-slate-800 
p-4 rounded-xl 
border 
border-slate-200 dark
:border-slate-700"[3
9m
              
[36m>[39m
                
[36m<div[39m
                  [3
3mclass[39m=[32m"fl
ex items-center 
justify-between"[39m
                
[36m>[39m
                  
[36m<div>[39m
                    
[36m<p[39m
                     
 [33mclass[39m=[32
m"text-sm 
text-slate-500 dark:t
ext-slate-400"[39m
                    
[36m>[39m
                     
 [0mActive Rooms[0m
                    
[36m</p>[39m
                    
[36m<p[39m
                     
 [33mclass[39m=[32
m"text-2xl font-bold 
text-slate-900 
dark:text-white"[39m
                    
[36m>[39m
                     
 [0m0[0m
                    
[36m</p>[39m
                  
[36m</div>[39m
                  
[36m<div[39m
                    
[33mclass[39m=[32m"
p-2 bg-blue-100 
dark:bg-blue-900...
[90m [2mΓ¥»[22m 
Proxy.waitForWrapper 
node_modules/@testing
-library/dom/dist/wai
t-for.js:[2m163:27[
22m[39m
[36m [2mΓ¥»[22m sr
c/__tests__/pages/Das
hboard.test.tsx:[2m1
90:11[22m[39m
    [90m188| [39m  
  fireEvent[33m.[39
m[34mclick[39m(publ
icTab)[33m;[39m
    [90m189| [39m
    [90m190| [39m  
  [35mawait[39m 
[34mwaitFor[39m(() 
[33m=>[39m {
    [90m   | [39m  
        [31m^[39m
    [90m191| [39m  
    [34mexpect[39m(
mockGetPublicRooms)[
33m.[39m[34mtoHaveB
eenCalled[39m()[33m
;[39m
    [90m192| [39m  
    [34mexpect[39m(
screen[33m.[39m[34
mgetByText[39m([32m
"Public Room"[39m))
[33m.[39m[34mtoBeIn
TheDocument[39m()[3
3m;[39m

[31m[2mΓÄ»ΓÄ»ΓÄ»ΓÄ»
ΓÄ»ΓÄ»ΓÄ»ΓÄ»ΓÄ»ΓÄ»ΓÄ»
ΓÄ»ΓÄ»ΓÄ»ΓÄ»ΓÄ»ΓÄ»ΓÄ»
ΓÄ»ΓÄ»ΓÄ»ΓÄ»ΓÄ»ΓÄ»[1/
1]ΓÄ»[22m[39m

[2m Test Files [22m [1m[31m1 failed[39m[22m[90m (1)[39m
[2m      Tests [22m [1m[31m1 failed[39m[22m[2m | [22m[1m[32m7 passed[39m[22m[90m (8)[39m
[2m   Start at [22m 01:16:28
[2m   Duration [22m 2.89s[2m (transform 259ms, setup 164ms, import 491ms, tests 1.43s, environment 613ms)[22m

